
> test-example@0.1.0 build
> next build

Γû▓ Next.js 16.1.1 (Turbopack)
- Environments: .env

ΓÜá The "middleware" file convention is deprecated. Please use "proxy" instead. Learn more: https://nextjs.org/docs/messages/middleware-to-proxy
  Creating an optimized production build ...
Γ£ô Compiled successfully in 6.3s
  Running TypeScript ...
Failed to compile.

.next/dev/types/validator.ts:1134:31
Type error: Type 'typeof import("D:/p-p/placement_platform/src/app/api/tests/[id]/subtopics/[subtopicId]/questions/bulk/route")' does not satisfy the constraint 'RouteHandlerConfig<"/api/tests/[id]/subtopics/[subtopicId]/questions/bulk">'.
  Types of property 'POST' are incompatible.
    Type '(req: Request, { params }: { params: { id: string; subtopicId: string; }; }) => Promise<NextResponse<{ error: string; }> | NextResponse<{ success: boolean; count: number; }>>' is not assignable to type '(request: NextRequest, context: { params: Promise<{ id: string; subtopicId: string; }>; }) => void | Response | Promise<void | Response>'.
      Types of parameters '__1' and 'context' are incompatible.
        Type '{ params: Promise<{ id: string; subtopicId: string; }>; }' is not assignable to type '{ params: { id: string; subtopicId: string; }; }'.
          Types of property 'params' are incompatible.
            Type 'Promise<{ id: string; subtopicId: string; }>' is missing the following properties from type '{ id: string; subtopicId: string; }': id, subtopicId

  1132 |   type __IsExpected<Specific extends RouteHandlerConfig<"/api/tests/[id]/subtopics/[subtopicId]/questions/bulk">> = Specific
  1133 |   const handler = {} as typeof import("../../../src/app/api/tests/[id]/subtopics/[subtopicId]/questions/bulk/route.js")
> 1134 |   type __Check = __IsExpected<typeof handler>
       |                               ^
  1135 |   // @ts-ignore
  1136 |   type __Unused = __Check
  1137 | }
Next.js build worker exited with code: 1 and signal: null
